user@user-VirtualBox:~$ iptables -t nat -A PREROUTING -p tcp --dport 80 -j REDIRECT --to-port 8080
Fatal: can't open lock file /run/xtables.lock: Permission denied
user@user-VirtualBox:~$ sudo iptables -t nat -A PREROUTING -p tcp --dport 80 -j REDIRECT --to-port 8080
user@user-VirtualBox:~$ sudo iptables-save >iptables_2.rules 
user@user-VirtualBox:~$ cat iptables_2.rules 
# Generated by iptables-save v1.8.4 on Thu Feb  3 12:43:59 2022
*filter
:INPUT DROP [1:229]
:FORWARD DROP [0:0]
:OUTPUT DROP [2354:148338]
:DOCKER - [0:0]
:DOCKER-ISOLATION-STAGE-1 - [0:0]
:DOCKER-ISOLATION-STAGE-2 - [0:0]
:DOCKER-USER - [0:0]
-A INPUT -i lo -j ACCEPT
-A INPUT -p icmp -j ACCEPT
-A INPUT -p tcp -m tcp --dport 22 -j ACCEPT
-A INPUT -i enp0s3 -p tcp -m tcp --dport 80 -j ACCEPT
-A INPUT -i enp0s3 -p tcp -m tcp --sport 8080 -j ACCEPT
-A FORWARD -j ACCEPT
-A OUTPUT -o lo -j ACCEPT
-A OUTPUT -p icmp -j ACCEPT
-A OUTPUT -p tcp -m tcp --sport 22 -j ACCEPT
-A OUTPUT -o enp0s3 -p tcp -m tcp --sport 80 -j ACCEPT
-A OUTPUT -o enp0s3 -p tcp -m tcp --sport 8080 -j ACCEPT
COMMIT
# Completed on Thu Feb  3 12:43:59 2022
# Generated by iptables-save v1.8.4 on Thu Feb  3 12:43:59 2022
*nat
:PREROUTING ACCEPT [0:0]
:INPUT ACCEPT [0:0]
:OUTPUT ACCEPT [97:6025]
:POSTROUTING ACCEPT [1:73]
:DOCKER - [0:0]
-A PREROUTING -m addrtype --dst-type LOCAL -j DOCKER
-A PREROUTING -p tcp -m tcp --dport 80 -j REDIRECT --to-ports 8080
-A OUTPUT ! -d 127.0.0.0/8 -m addrtype --dst-type LOCAL -j DOCKER
-A POSTROUTING -s 172.17.0.0/16 ! -o docker0 -j MASQUERADE
-A DOCKER -i docker0 -j RETURN
COMMIT
# Completed on Thu Feb  3 12:43:59 2022
user@user-VirtualBox:~$ iptables -t -L
iptables v1.8.4 (legacy): no command specified
Try `iptables -h' or 'iptables --help' for more information.
user@user-VirtualBox:~$ sudo iptables -t -L
iptables v1.8.4 (legacy): no command specified
Try `iptables -h' or 'iptables --help' for more information.
user@user-VirtualBox:~$ sudo iptables -t nat -L
Chain PREROUTING (policy ACCEPT)
target     prot opt source               destination         
DOCKER     all  --  anywhere             anywhere             ADDRTYPE match dst-type LOCAL
REDIRECT   tcp  --  anywhere             anywhere             tcp dpt:http redir ports 8080

Chain INPUT (policy ACCEPT)
target     prot opt source               destination         

Chain OUTPUT (policy ACCEPT)
target     prot opt source               destination         
DOCKER     all  --  anywhere            !localhost/8          ADDRTYPE match dst-type LOCAL

Chain POSTROUTING (policy ACCEPT)
target     prot opt source               destination         
MASQUERADE  all  --  172.17.0.0/16        anywhere            

Chain DOCKER (2 references)
target     prot opt source               destination         
RETURN     all  --  anywhere             anywhere       